To honour the JVM settings for this build a single-use Daemon process will be forked. For more on this, please refer to https://docs.gradle.org/8.2/userguide/gradle_daemon.html#sec:disabling_the_daemon in the Gradle documentation.
Daemon will be stopped at the end of the build 
Configuration on demand is an incubating feature.

> Configure project :app
WARNING: The option setting 'android.experimental.legacyTransform.forceNonIncremental=true' is experimental.
The current default is 'false'.

The message received from the daemon indicates that the daemon has disappeared.
Build request sent: Build{id=8f886aa4-eb61-4ade-92a7-af654b156904, currentDir=C:\Users\Administrator\.qianfan\workspace\8c1f97b4d7e44a928dde5c3c119826ef\BlindPath}
Attempting to read last messages from the daemon log...
Daemon pid: 2772
  log file: C:\Users\Administrator\.gradle\daemon\8.2\daemon-2772.out.log
----- Last  20 lines from daemon log file - daemon-2772.out.log -----
2026-05-30T20:54:18.935+0800 [DEBUG] [org.gradle.cache.internal.DefaultFileLockManager] Waiting to acquire exclusive lock on daemon addresses registry.
2026-05-30T20:54:18.936+0800 [DEBUG] [org.gradle.cache.internal.DefaultFileLockManager] Lock acquired on daemon addresses registry.
2026-05-30T20:54:18.941+0800 [DEBUG] [org.gradle.cache.internal.DefaultFileLockManager] Releasing lock on daemon addresses registry.
2026-05-30T20:54:18.942+0800 [DEBUG] [org.gradle.launcher.daemon.server.DaemonStateCoordinator] resetting idle timer
2026-05-30T20:54:18.951+0800 [DEBUG] [org.gradle.launcher.daemon.server.DaemonStateCoordinator] daemon is running. Sleeping until state changes.
2026-05-30T20:54:18.959+0800 [INFO] [org.gradle.launcher.daemon.server.exec.StartBuildOrRespondWithBusy] Daemon is about to start building Build{id=8f886aa4-eb61-4ade-92a7-af654b156904, currentDir=C:\Users\Administrator\.qianfan\workspace\8c1f97b4d7e44a928dde5c3c119826ef\BlindPath}. Dispatching build started information...
2026-05-30T20:54:18.959+0800 [DEBUG] [org.gradle.launcher.daemon.server.SynchronizedDispatchConnection] thread 22: dispatching org.gradle.launcher.daemon.protocol.BuildStarted@2a3dd81e
2026-05-30T20:54:18.965+0800 [DEBUG] [org.gradle.launcher.daemon.server.SynchronizedDispatchConnection] thread 20: received class org.gradle.launcher.daemon.protocol.CloseInput
2026-05-30T20:54:18.965+0800 [DEBUG] [org.gradle.launcher.daemon.server.DefaultDaemonConnection] thread 20: Received IO message from client: org.gradle.launcher.daemon.protocol.CloseInput@64f886b3
2026-05-30T20:54:18.966+0800 [DEBUG] [org.gradle.launcher.daemon.server.exec.EstablishBuildEnvironment] Configuring env variables: [USERDOMAIN_ROAMINGPROFILE, PROCESSOR_LEVEL, OPENCODE_SERVER_HOSTNAME, SESSIONNAME, ALLUSERSPROFILE, DUMATE_NOTIFY_URL, PROCESSOR_ARCHITECTURE, DUMATE_APP_VER, DUMATE_REQUEST_ID, OPENCODE_PID, PSModulePath, SystemDrive, XDG_CACHE_HOME, DUMATE_APP_DISTRIBUTION_SOURCE, XDG_STATE_HOME, DIRNAME, USERNAME, ProgramFiles(x86), FPS_BROWSER_USER_PROFILE_STRING, APP_HOME, DEFAULT_JVM_OPTS, PATHEXT, DriverData, XDG_GLOBSTATE_HOME, OPENCODE_VM_BUNDLE_PATH, OPENCODE, ProgramData, X-Dumate-Account-Id, ProgramW6432, DUMATE_BACK_END_PORT, HOMEPATH, PROCESSOR_IDENTIFIER, BROWSER_RELAY_BINARY, ProgramFiles, PUBLIC, windir, DUMATE_HOST_IP, DUMATE_HOST_URL, X-Dumate-Device-Id, X-Dumate-Session-Title, XDG_GLOBCACHE_HOME, LOCALAPPDATA, USERDOMAIN, FPS_BROWSER_APP_PROFILE_STRING, LOGONSERVER, OPENCODE_SANDBOX, JAVA_HOME, PROMPT, X-Dumate-Session-Id, DUMATE_WINDOWS_SANDBOX_CONTRACT_FILE, AGENT, OPENCODE_VM_MANAGER_BINARY, DUMATE_FFMPEG_PATH, =C:, APPDATA, DUMATE_QIANFAN_PROXY, JAVA_EXE, DUMATE_SESSION_ID, OPENCODE_SERVER_PORT, CommonProgramFiles, Path, VM_MANAGER_LOG_FILE, OS, XDG_DATA_HOME, COMPUTERNAME, DUMATE_USER_ID, DUMATE_NOTIFY_TOKEN, OPENCODE_SANDBOX_MODE, ANDROID_SDK_ROOT, PROCESSOR_REVISION, CLASSPATH, CommonProgramW6432, XDG_CONFIG_HOME, ComSpec, APP_BASE_NAME, DUMATE_FFMPEG_BINARY, DUMATE_SCHEDULER_URL, SystemRoot, TEMP, DUMATE_ACCOUNT_ID, HOMEDRIVE, USERPROFILE, TMP, XDG_GLOBDATA_HOME, CommonProgramFiles(x86), XDG_GLOBCONFIG_HOME, NUMBER_OF_PROCESSORS]
2026-05-30T20:54:18.992+0800 [DEBUG] [org.gradle.launcher.daemon.server.exec.LogToClient] About to start relaying all logs to the client via the connection.
2026-05-30T20:54:18.992+0800 [INFO] [org.gradle.launcher.daemon.server.exec.LogToClient] The client will now receive all logging from the daemon (pid: 2772). The daemon log file: C:\Users\Administrator\.gradle\daemon\8.2\daemon-2772.out.log
2026-05-30T20:54:18.999+0800 [DEBUG] [org.gradle.launcher.daemon.server.exec.RequestStopIfSingleUsedDaemon] Requesting daemon stop after processing Build{id=8f886aa4-eb61-4ade-92a7-af654b156904, currentDir=C:\Users\Administrator\.qianfan\workspace\8c1f97b4d7e44a928dde5c3c119826ef\BlindPath}
2026-05-30T20:54:19.000+0800 [LIFECYCLE] [org.gradle.launcher.daemon.server.DaemonStateCoordinator] Daemon will be stopped at the end of the build 
2026-05-30T20:54:19.001+0800 [DEBUG] [org.gradle.launcher.daemon.server.DaemonStateCoordinator] Stop as soon as idle requested. The daemon is busy: true
2026-05-30T20:54:19.003+0800 [DEBUG] [org.gradle.launcher.daemon.server.exec.ExecuteBuild] The daemon has started executing the build.
2026-05-30T20:54:19.003+0800 [DEBUG] [org.gradle.launcher.daemon.server.exec.ExecuteBuild] Executing build with daemon context: DefaultDaemonContext[uid=11e03b22-6422-46d1-a194-c79dc0498d55,javaHome=D:\jdk17,daemonRegistryDir=C:\Users\Administrator\.gradle\daemon,pid=2772,idleTimeout=120000,priority=NORMAL,applyInstrumentationAgent=true,daemonOpts=-XX:+UseParallelGC,-XX:MaxMetaspaceSize=1g,--add-opens=java.base/java.util=ALL-UNNAMED,--add-opens=java.base/java.lang=ALL-UNNAMED,--add-opens=java.base/java.lang.invoke=ALL-UNNAMED,--add-opens=java.prefs/java.util.prefs=ALL-UNNAMED,--add-opens=java.base/java.nio.charset=ALL-UNNAMED,--add-opens=java.base/java.net=ALL-UNNAMED,--add-opens=java.base/java.util.concurrent.atomic=ALL-UNNAMED,-Xmx4g,-Dfile.encoding=UTF-8,-Duser.country=CN,-Duser.language=zh,-Duser.variant]
Configuration on demand is an incubating feature.
WARNING: The option setting 'android.experimental.legacyTransform.forceNonIncremental=true' is experimental.
The current default is 'false'.
----- End of the daemon log -----

JVM crash log found: file:///C:/Users/Administrator/.qianfan/workspace/8c1f97b4d7e44a928dde5c3c119826ef/BlindPath/hs_err_pid2772.log

FAILURE: Build failed with an exception.

* What went wrong:
Gradle build daemon disappeared unexpectedly (it may have been killed or may have crashed)

* Try:
> Run with --stacktrace option to get the stack trace.
> Run with --info or --debug option to get more log output.
> Run with --scan to get full insights.
> Get more help at https://help.gradle.org.
